15:54:27:025  INFO 17876 --- [main] com.hmall.HMallApplication               : Starting HMallApplication using Java 17.0.7 on DESKTOP-92IDVE4 with PID 17876 (E:\heimahmall\after\hmall\hm-service\target\classes started by chuzhong in E:\heimahmall\after\hmall)
15:54:27:031 DEBUG 17876 --- [main] com.hmall.HMallApplication               : Running with Spring Boot v2.7.12, Spring v5.3.27
15:54:27:031  INFO 17876 --- [main] com.hmall.HMallApplication               : The following 1 profile is active: "local"
15:54:28:600  INFO 17876 --- [main] .s.d.r.c.RepositoryConfigurationDelegate : Multiple Spring Data modules found, entering strict repository configuration mode
15:54:28:603  INFO 17876 --- [main] .s.d.r.c.RepositoryConfigurationDelegate : Bootstrapping Spring Data Redis repositories in DEFAULT mode.
15:54:28:650  INFO 17876 --- [main] .s.d.r.c.RepositoryConfigurationDelegate : Finished Spring Data repository scanning in 22 ms. Found 0 Redis repository interfaces.
15:54:29:171  INFO 17876 --- [main] o.s.b.w.embedded.tomcat.TomcatWebServer  : Tomcat initialized with port(s): 8080 (http)
15:54:29:179  INFO 17876 --- [main] o.apache.catalina.core.StandardService   : Starting service [Tomcat]
15:54:29:179  INFO 17876 --- [main] org.apache.catalina.core.StandardEngine  : Starting Servlet engine: [Apache Tomcat/9.0.75]
15:54:29:300  INFO 17876 --- [main] o.a.c.c.C.[Tomcat].[localhost].[/]       : Initializing Spring embedded WebApplicationContext
15:54:29:300  INFO 17876 --- [main] w.s.c.ServletWebServerApplicationContext : Root WebApplicationContext: initialization completed in 2225 ms
15:54:30:553  INFO 17876 --- [main] pertySourcedRequestMappingHandlerMapping : Mapped URL path [/v2/api-docs] onto method [springfox.documentation.swagger2.web.Swagger2ControllerWebMvc#getDocumentation(String, HttpServletRequest)]
15:54:30:931  INFO 17876 --- [main] o.s.b.w.embedded.tomcat.TomcatWebServer  : Tomcat started on port(s): 8080 (http) with context path ''
15:54:30:931  INFO 17876 --- [main] d.s.w.p.DocumentationPluginsBootstrapper : Documentation plugins bootstrapped
15:54:30:934  INFO 17876 --- [main] d.s.w.p.DocumentationPluginsBootstrapper : Found 1 custom documentation plugin(s)
15:54:30:957  INFO 17876 --- [main] s.d.s.w.s.ApiListingReferenceScanner     : Scanning for api listing references
15:54:31:089  INFO 17876 --- [main] com.hmall.HMallApplication               : Started HMallApplication in 4.475 seconds (JVM running for 5.048)
15:54:49:005  INFO 17876 --- [http-nio-8080-exec-1] o.a.c.c.C.[Tomcat].[localhost].[/]       : Initializing Spring DispatcherServlet 'dispatcherServlet'
15:54:49:005  INFO 17876 --- [http-nio-8080-exec-1] o.s.web.servlet.DispatcherServlet        : Initializing Servlet 'dispatcherServlet'
15:54:49:007  INFO 17876 --- [http-nio-8080-exec-1] o.s.web.servlet.DispatcherServlet        : Completed initialization in 2 ms
15:54:49:120  WARN 17876 --- [http-nio-8080-exec-1] c.b.m.c.t.support.ReflectLambdaMeta      : Unable to make field private final java.lang.Class java.lang.invoke.SerializedLambda.capturingClass accessible: module java.base does not "opens java.lang.invoke" to unnamed module @2a65fe7c
15:54:49:195  INFO 17876 --- [http-nio-8080-exec-1] com.zaxxer.hikari.HikariDataSource       : HikariPool-1 - Starting...
15:54:49:484  INFO 17876 --- [http-nio-8080-exec-1] com.zaxxer.hikari.HikariDataSource       : HikariPool-1 - Start completed.
15:54:49:492 DEBUG 17876 --- [http-nio-8080-exec-1] c.h.m.ItemMapper.selectPage_mpCount      : ==>  Preparing: SELECT COUNT(*) AS total FROM item WHERE (status = ?)
15:54:49:520 DEBUG 17876 --- [http-nio-8080-exec-1] c.h.m.ItemMapper.selectPage_mpCount      : ==> Parameters: 1(Integer)
15:54:49:587 DEBUG 17876 --- [http-nio-8080-exec-1] c.h.m.ItemMapper.selectPage_mpCount      : <==      Total: 1
15:54:49:598 DEBUG 17876 --- [http-nio-8080-exec-1] com.hmall.mapper.ItemMapper.selectPage   : ==>  Preparing: SELECT id, name, price, stock, image, category, brand, spec, sold, comment_count, isAD, status, create_time, update_time, creater, updater FROM item WHERE (status = ?) ORDER BY update_time DESC LIMIT ?
15:54:49:599 DEBUG 17876 --- [http-nio-8080-exec-1] com.hmall.mapper.ItemMapper.selectPage   : ==> Parameters: 1(Integer), 20(Long)
15:54:49:620 DEBUG 17876 --- [http-nio-8080-exec-1] com.hmall.mapper.ItemMapper.selectPage   : <==      Total: 20
18:25:27:182  INFO 17876 --- [SpringApplicationShutdownHook] com.zaxxer.hikari.HikariDataSource       : HikariPool-1 - Shutdown initiated...
18:25:27:199  INFO 17876 --- [SpringApplicationShutdownHook] com.zaxxer.hikari.HikariDataSource       : HikariPool-1 - Shutdown completed.
